    Checking futures-io v0.3.34
    Checking libc v0.2.189
    Checking serde_core v1.0.229
   Compiling memchr v2.8.3
    Checking slab v0.4.12
    Checking tracing v0.1.44
    Checking zerofrom v0.1.8
    Checking thiserror v2.0.20
   Compiling unicase v2.9.0
   Compiling prost-derive v0.14.4
    Checking icu_properties_data v2.3.0
    Checking http-body v1.1.0
    Checking atomic-waker v1.1.2
    Checking futures-util v0.3.34
    Checking httparse v1.10.1
    Checking yoke v0.8.3
    Checking tower-service v0.3.3
   Compiling same-file v1.0.6
    Checking bytemuck v1.25.2
    Checking try-lock v0.2.5
    Checking httpdate v1.0.3
   Compiling aho-corasick v1.1.5
    Checking zerovec v0.11.8
    Checking zerotrie v0.2.5
   Compiling walkdir v2.5.0
    Checking want v0.3.1
    Checking mime v0.3.17
    Checking parking v2.2.1
    Checking tower-layer v0.3.3
   Compiling jobserver v0.1.35
   Compiling errno v0.3.14
   Compiling getrandom v0.4.3
    Checking ref-cast v1.0.27
    Checking getrandom v0.2.17
    Checking parking_lot_core v0.9.12
    Checking socket2 v0.6.5
    Checking mio v1.2.3
    Checking getrandom v0.3.4
   Compiling cc v1.4.7
    Checking signal-hook-registry v1.4.8
    Checking rand_core v0.6.4
    Checking cpufeatures v0.2.17
    Checking parking_lot v0.12.5
    Checking rand_core v0.9.5
    Checking rustix v1.1.5
    Checking crypto-common v0.1.7
   Compiling regex-automata v0.4.18
    Checking tinystr v0.8.4
    Checking potential_utf v0.1.6
    Checking rand v0.10.2
    Checking rand_chacha v0.9.0
    Checking tokio v1.53.1
    Checking serde v1.0.229
    Checking indexmap v2.14.2
    Checking icu_collections v2.3.0
    Checking icu_locale_core v2.3.0
    Checking rand v0.9.5
    Checking deranged v0.5.8
   Compiling cmake v0.1.58
    Checking tracing-serde v0.2.0
    Checking uuid v1.26.1
    Checking system-configuration-sys v0.6.0
    Checking core-foundation v0.9.4
    Checking digest v0.10.7
    Checking serde_json v1.0.151
    Checking cpufeatures v0.3.1
    Checking sync_wrapper v1.0.2
    Checking ipnet v2.12.2
    Checking icu_provider v2.3.1
    Checking cipher v0.4.4
    Checking system-configuration v0.7.0
   Compiling aws-lc-sys v0.45.0
   Compiling ring v0.17.14
   Compiling zstd-sys v2.1.0+zstd.1.5.7
    Checking time v0.3.55
    Checking sha2 v0.11.0
    Checking polling v3.11.0
    Checking universal-hash v0.5.1
    Checking core-foundation v0.10.1
    Checking icu_properties v2.3.0
    Checking icu_normalizer v2.3.0
    Checking tracing-subscriber v0.3.23
    Checking security-framework-sys v2.17.0
   Compiling regex v1.13.1
   Compiling bstr v1.13.1
    Checking http-body-util v0.1.5
    Checking simdutf8 v0.1.5
   Compiling typenum v1.20.1
   Compiling utf8_iter v1.0.4
    Checking polyval v0.6.2
   Compiling globset v0.4.20
    Checking encoding_rs v0.8.41
   Compiling nom v7.1.3
    Checking chrono v0.4.45
    Checking security-framework v3.7.0
    Checking tantivy-common v0.11.0
    Checking erased-serde v0.4.10
   Compiling hybrid-array v0.4.15
    Checking icu_locale_fallback v2.3.0
   Compiling crossbeam-deque v0.8.8
    Checking tantivy-stacker v0.7.0
   Compiling aegis v0.9.16
   Compiling simsimd v6.5.16
    Checking tokio-util v0.7.19
    Checking tokio-stream v0.1.19
   Compiling rustix v0.38.44
    Checking sha1 v0.10.7
    Checking prost v0.14.4
   Compiling mime_guess v2.0.5
   Compiling strum_macros v0.26.4
    Checking objc2-core-foundation v0.3.2
    Checking data-encoding v2.11.1
    Checking miette v7.6.0
   Compiling cexpr v0.6.0
    Checking typetag v0.2.23
    Checking h2 v0.4.19
    Checking tower v0.5.3
    Checking tungstenite v0.29.0
   Compiling which v4.4.2
   Compiling clang-sys v1.9.1
    Checking tantivy-query-grammar v0.26.0
   Compiling ignore v0.4.33
    Checking bon v3.10.1
    Checking ghash v0.5.1
    Checking tempfile v3.27.0
    Checking fs4 v0.13.1
    Checking aes v0.8.4
    Checking strum v0.26.3
    Checking ctr v0.9.2
    Checking tantivy-tokenizer-api v0.7.0
    Checking sketches-ddsketch v0.4.1
    Checking serde_urlencoded v0.7.1
    Checking rust-stemmers v1.2.0
    Checking aead v0.5.2
    Checking memmap2 v0.9.11
   Compiling icu_normalizer_data v2.3.0
    Checking spin v0.9.9
   Compiling scopeguard v1.2.0
    Checking multer v3.1.0
   Compiling bindgen v0.69.5
   Compiling globwalk v0.8.1
    Checking aristo v0.4.1
    Checking aes-gcm v0.10.3
    Checking hyper v1.11.1
    Checking turso_parser v0.7.2
    Checking icu_collator v2.3.1
    Checking icu_locale v2.3.1
    Checking tokio-tungstenite v0.29.0
    Checking turso_ext v0.7.2
   Compiling pulldown-cmark v0.13.4
    Checking fastbloom v0.14.1
   Compiling block-buffer v0.12.1
   Compiling crypto-common v0.2.2
    Checking axum-core v0.5.6
    Checking twox-hash v2.1.4
    Checking hyper-util v0.1.20
    Checking serde_path_to_error v0.1.20
    Checking event-listener v5.4.2
    Checking futures-lite v2.6.1
    Checking pack1 v1.1.0
    Checking roaring v0.11.5
    Checking concurrent-queue v2.5.0
   Compiling zmij v1.0.23
   Compiling fixedbitset v0.5.7
   Compiling const-oid v0.10.2
   Compiling fastrand v2.5.0
    Checking matchit v0.8.4
   Compiling fnv v1.0.7
   Compiling darling_core v0.20.11
   Compiling petgraph v0.8.3
   Compiling digest v0.11.3
   Compiling toml_edit v0.22.27
    Checking axum v0.8.9
    Checking pin-project v1.1.13
   Compiling pulldown-cmark-to-cmark v22.0.1
    Checking event-listener-strategy v0.5.4
   Compiling encoding_rs_io v0.1.8
   Compiling idna_adapter v1.2.2
   Compiling prost-types v0.14.4
   Compiling libmimalloc-sys v0.1.49
   Compiling crc32fast v1.5.2
   Compiling arc-swap v1.9.2
   Compiling itoa v1.0.18
   Compiling base64 v0.22.1
    Checking fluent-uri v0.4.1
   Compiling serde-saphyr v1.3.0
   Compiling triomphe v0.1.16
   Compiling prost-build v0.14.4
    Checking tracing-appender v0.2.5
   Compiling zopfli v0.8.3
    Checking postgres-protocol v0.6.12
   Compiling toml v0.8.23
   Compiling turso_sdk_kit v0.7.2
    Checking der v0.7.10
   Compiling darling_macro v0.20.11
    Checking idna v1.1.0
    Checking objc2-system-configuration v0.3.2
    Checking opentelemetry v0.32.0
   Compiling itertools v0.11.0
   Compiling base62 v2.2.6
    Checking dyn-clone v1.0.20
   Compiling siphasher v1.0.3
    Checking toasty-core v0.10.0
    Checking schemars v1.2.2
   Compiling url v2.5.8
    Checking spki v0.7.3
    Checking postgres-types v0.2.14
    Checking whoami v2.1.3
   Compiling rust-embed-utils v8.12.0
   Compiling tonic-prost-build v0.14.6
   Compiling darling v0.20.11
    Checking async-io v2.6.0
   Compiling rust-i18n-support v4.2.2
   Compiling zip v3.0.0
    Checking hyper-timeout v0.5.2
   Compiling rust-i18n v4.2.2
    Checking rustls-native-certs v0.8.4
    Checking futures-executor v0.3.34
   Compiling strum_macros v0.28.0
   Compiling toml_datetime v1.1.1+spec-1.1.0
   Compiling serde_spanned v1.1.1
    Checking winnow v1.0.4
    Checking serde_with v3.23.0
   Compiling toml v1.1.6+spec-1.1.0
   Compiling rust-i18n-macro v4.2.2
    Checking async-signal v0.2.14
   Compiling shared_types_grpc v0.1.3 (/Users/soddy/Documents/git-workspace/rcoder/crates/shared_types_grpc)
   Compiling derive_builder_core v0.20.2
   Compiling utoipa-swagger-ui v9.0.2
    Checking toasty-sql v0.10.0
    Checking tokio-postgres v0.7.18
   Compiling rust-embed-impl v8.12.0
    Checking x509-cert v0.2.5
    Checking derive_more v2.1.1
    Checking mimalloc v0.1.52
    Checking toml_parser v1.1.3+spec-1.1.0
    Checking tracing-opentelemetry v0.33.0
    Checking async-lock v3.4.2
    Checking async-channel v2.5.0
   Compiling utoipa-gen v5.5.0
    Checking strum v0.28.0
    Checking safe_arch v0.7.4
    Checking piper v0.2.5
    Checking castaway v0.2.4
    Checking opentelemetry-semantic-conventions v0.32.1
    Checking static_assertions v1.1.0
    Checking async-task v4.7.1
    Checking toml_writer v1.1.2+spec-1.1.0
    Checking compact_str v0.9.1
    Checking tracing-opentelemetry-instrumentation-sdk v0.38.3
    Checking wide v0.7.33
    Checking blocking v1.7.0
    Checking rust-embed v8.12.0
    Checking futures-concurrency v7.7.1
    Checking agent-client-protocol-schema v1.9.1
    Checking async-process v2.5.0
   Compiling derive_builder_macro v0.20.2
    Checking futures v0.3.34
   Compiling zstd-safe v7.3.0
    Checking tower-http v0.6.11
    Checking objc2-io-kit v0.3.2
    Checking deadpool-runtime v0.3.1
    Checking zstd v0.13.3
   Compiling garde_derive v0.23.0
   Compiling pluralizer v0.5.0
    Checking rand_xoshiro v0.7.0
    Checking archery v1.2.3
    Checking shell-words v1.1.1
    Checking base64 v0.23.1
    Checking tantivy-sstable v0.7.0
    Checking hashbrown v0.14.5
    Checking imbl-sized-chunks v0.2.0
    Checking http-range-header v0.4.2
    Checking tower-http v0.7.1
    Checking tantivy-columnar v0.7.0
    Checking deadpool v0.13.1
    Checking workspace-manifest v0.1.3 (/Users/soddy/Documents/git-workspace/rcoder/crates/workspace-manifest)
    Checking imbl v7.0.2
    Checking dashmap v6.2.1
    Checking sysinfo v0.39.6
    Checking garde v0.23.0
    Checking shared_types_i18n v0.1.3 (/Users/soddy/Documents/git-workspace/rcoder/crates/shared_types_i18n)
    Checking derive_builder v0.20.2
    Checking axum-tracing-opentelemetry v0.38.0
    Checking opentelemetry_sdk v0.32.1
    Checking tantivy v0.26.2
    Checking semver v1.0.28
    Checking nix v0.31.3
    Checking sha2 v0.10.9
   Compiling toasty-macros v0.10.0
    Checking utoipa v5.5.0
    Checking agent-client-protocol v2.2.0
    Checking turso_core v0.7.2
   Compiling aws-lc-rs v1.18.1
   Compiling rustls v0.23.45
    Checking rustls-webpki v0.103.15
    Checking tokio-rustls v0.26.5
    Checking rustls-platform-verifier v0.7.0
    Checking tonic v0.14.6
    Checking tokio-postgres-rustls v0.14.0
    Checking hyper-rustls v0.27.9
    Checking reqwest v0.13.5
    Checking toasty-driver-postgresql v0.10.0
    Checking tonic-prost v0.14.6
    Checking shared_types v0.1.3 (/Users/soddy/Documents/git-workspace/rcoder/crates/shared_types)
    Checking turso_sync_engine v0.7.2
    Checking turso_sync_sdk_kit v0.7.2
    Checking turso v0.7.2
    Checking toasty-driver-turso v0.10.0
    Checking toasty v0.10.0
    Checking rcoder-toasty-t0 v0.1.0 (/Users/soddy/Documents/git-workspace/rcoder/tools/toasty-probe)
warning: unused import: `control::UserAppStoreControl`
 --> src/userapp_lifecycle.rs:6:9
  |
6 | pub use control::UserAppStoreControl;
  |         ^^^^^^^^^^^^^^^^^^^^^^^^^^^^
  |
  = note: `#[warn(unused_imports)]` (part of `#[warn(unused)]`) on by default

warning: unused import: `common::ToastyUserAppStore as PgUserAppStore`
  --> src/userapp_lifecycle.rs:13:9
   |
13 | pub use common::ToastyUserAppStore as PgUserAppStore;
   |         ^^^^^^^^^^^^^^^^^^^^^^^^^^^^^^^^^^^^^^^^^^^^

warning: associated function `open_exclusive` is never used
   --> src/../../../crates/rcoder-storage/src/userapp_lifecycle/common/mod.rs:374:18
    |
368 | impl ToastyUserAppStore {
    | ----------------------- associated function in this implementation
...
374 |     pub async fn open_exclusive(path: &std::path::Path) -> Result<Self, UserAppStoreError> {
    |                  ^^^^^^^^^^^^^^
    |
    = note: `#[warn(dead_code)]` (part of `#[warn(unused)]`) on by default

warning: associated function `connect` is never used
   --> src/../../../crates/rcoder-storage/src/userapp_lifecycle/common/mod.rs:429:18
    |
428 | impl ToastyUserAppStore {
    | ----------------------- associated function in this implementation
429 |     pub async fn connect(
    |                  ^^^^^^^

warning: struct `FormatMarker` is never constructed
  --> src/../../../crates/rcoder-storage/src/userapp_lifecycle/common/local_format.rs:13:8
   |
13 | struct FormatMarker {
   |        ^^^^^^^^^^^^

warning: constant `FORMAT` is never used
  --> src/../../../crates/rcoder-storage/src/userapp_lifecycle/common/local_format.rs:18:7
   |
18 | const FORMAT: &str = "rcoder-toasty-0.10-turso-0.7-baseline-v1";
   |       ^^^^^^

warning: function `marker_path` is never used
  --> src/../../../crates/rcoder-storage/src/userapp_lifecycle/common/local_format.rs:19:4
   |
19 | fn marker_path(path: &Path) -> PathBuf {
   |    ^^^^^^^^^^^

warning: function `filename` is never used
  --> src/../../../crates/rcoder-storage/src/userapp_lifecycle/common/local_format.rs:24:4
   |
24 | fn filename(path: &Path) -> Result<String> {
   |    ^^^^^^^^

warning: function `require_regular` is never used
  --> src/../../../crates/rcoder-storage/src/userapp_lifecycle/common/local_format.rs:33:4
   |
33 | fn require_regular(path: &Path) -> Result<()> {
   |    ^^^^^^^^^^^^^^^

warning: function `sync_directory` is never used
  --> src/../../../crates/rcoder-storage/src/userapp_lifecycle/common/local_format.rs:49:4
   |
49 | fn sync_directory(path: &Path) -> Result<()> {
   |    ^^^^^^^^^^^^^^

warning: function `write_new` is never used
  --> src/../../../crates/rcoder-storage/src/userapp_lifecycle/common/local_format.rs:56:4
   |
56 | fn write_new(path: &Path, marker: &FormatMarker) -> Result<()> {
   |    ^^^^^^^^^

warning: function `prepare` is never used
  --> src/../../../crates/rcoder-storage/src/userapp_lifecycle/common/local_format.rs:70:15
   |
70 | pub(super) fn prepare(path: &Path) -> Result<()> {
   |               ^^^^^^^

warning: function `mark_ready` is never used
   --> src/../../../crates/rcoder-storage/src/userapp_lifecycle/common/local_format.rs:105:15
    |
105 | pub(super) fn mark_ready(path: &Path) -> Result<()> {
    |               ^^^^^^^^^^

warning: function `quarantine_local_restart` is never used
   --> src/../../../crates/rcoder-storage/src/userapp_lifecycle/common/ops.rs:777:21
    |
777 | pub(super) async fn quarantine_local_restart(
    |                     ^^^^^^^^^^^^^^^^^^^^^^^^

warning: trait `UserAppStoreControl` is never used
  --> src/../../../crates/rcoder-storage/src/userapp_lifecycle/control.rs:16:11
   |
16 | pub trait UserAppStoreControl: Send + Sync {
   |           ^^^^^^^^^^^^^^^^^^^

warning: struct `OpenedUserAppStore` is never constructed
  --> src/../../../crates/rcoder-storage/src/userapp_lifecycle/control.rs:21:12
   |
21 | pub struct OpenedUserAppStore {
   |            ^^^^^^^^^^^^^^^^^^

warning: constant `LOCK_NAME` is never used
  --> src/../../../crates/rcoder-storage/src/userapp_lifecycle/exclusive_directory.rs:11:7
   |
11 | const LOCK_NAME: &str = ".userapp-instance.lock";
   |       ^^^^^^^^^

warning: function `acquire` is never used
  --> src/../../../crates/rcoder-storage/src/userapp_lifecycle/exclusive_directory.rs:13:15
   |
13 | pub(super) fn acquire(path: &Path) -> Result<(PathBuf, File), Error> {
   |               ^^^^^^^

warning: function `require_unaliased_file` is never used
  --> src/../../../crates/rcoder-storage/src/userapp_lifecycle/exclusive_directory.rs:60:4
   |
60 | fn require_unaliased_file(path: &Path) -> Result<(), Error> {
   |    ^^^^^^^^^^^^^^^^^^^^^^

warning: function `require_single_link` is never used
  --> src/../../../crates/rcoder-storage/src/userapp_lifecycle/exclusive_directory.rs:75:4
   |
75 | fn require_single_link(metadata: &std::fs::Metadata) -> Result<(), Error> {
   |    ^^^^^^^^^^^^^^^^^^^

warning: function `require_local_filesystem` is never used
  --> src/../../../crates/rcoder-storage/src/userapp_lifecycle/exclusive_directory.rs:88:4
   |
88 | fn require_local_filesystem(directory: &Path) -> Result<(), Error> {
   |    ^^^^^^^^^^^^^^^^^^^^^^^^

warning: variant `Turso` is never constructed
  --> src/../../../crates/rcoder-storage/src/db/driver.rs:19:5
   |
18 | pub(crate) enum ConnectionPolicy {
   |                 ---------------- variant in this enum
19 |     Turso,
   |     ^^^^^
   |
   = note: `ConnectionPolicy` has derived impls for the traits `Debug` and `Clone`, but these are intentionally ignored during dead code analysis

warning: this `if` statement can be collapsed
   --> src/../../../crates/rcoder-storage/src/userapp_lifecycle/common/configuration.rs:299:5
    |
299 | /     if let Some(row) = &row {
300 | |         if row.app_id != op.app_id
301 | |             || row.lifecycle_id != op.lifecycle_id
302 | |             || row.scope != codec::scope_name(op.scope)
...   |
308 | |     }
    | |_____^
    |
    = help: for further information visit https://rust-lang.github.io/rust-clippy/rust-1.98.0/index.html#collapsible_if
    = note: `#[warn(clippy::collapsible_if)]` on by default
help: collapse nested if block
    |
299 ~     if let Some(row) = &row
300 ~         && (row.app_id != op.app_id
301 |             || row.lifecycle_id != op.lifecycle_id
302 |             || row.scope != codec::scope_name(op.scope)
303 |             || row.config_version < 1
304 ~             || row.physical_uid.is_some() != row.deployment_generation.is_some())
305 |         {
306 |             return Err(invalid("Runtime configuration receipt identity mismatch"));
307 ~         }
    |

warning: this `if` statement can be collapsed
   --> src/../../../crates/rcoder-storage/src/userapp_lifecycle/common/ops.rs:166:5
    |
166 | /     if let (Some(a), Some(b)) = (&by_id, &by_request) {
167 | |         if a.operation_id != b.operation_id {
168 | |             return Err(Error::InvalidOperation(
169 | |                 "request and operation identities refer to different operations".into(),
...   |
172 | |     }
    | |_____^
    |
    = help: for further information visit https://rust-lang.github.io/rust-clippy/rust-1.98.0/index.html#collapsible_if
help: collapse nested if block
    |
166 ~     if let (Some(a), Some(b)) = (&by_id, &by_request)
167 ~         && a.operation_id != b.operation_id {
168 |             return Err(Error::InvalidOperation(
169 |                 "request and operation identities refer to different operations".into(),
170 |             ));
171 ~         }
    |

warning: using `clone` on type `ServiceType` which implements the `Copy` trait
  --> src/../../../crates/rcoder-storage/src/userapp_lifecycle/common/mod.rs:88:28
   |
88 |         let service_type = service_type.clone();
   |                            ^^^^^^^^^^^^^^^^^^^^ help: try dereferencing it: `*service_type`
   |
   = help: for further information visit https://rust-lang.github.io/rust-clippy/rust-1.98.0/index.html#clone_on_copy
   = note: `#[warn(clippy::clone_on_copy)]` on by default

warning: `rcoder-toasty-t0` (bin "rcoder-toasty-t0") generated 25 warnings (run `cargo clippy --fix --bin "rcoder-toasty-t0" -p rcoder-toasty-t0 -- ` to apply 5 suggestions)
warning: struct `OpenedUserAppStore` is never constructed
  --> src/../../../crates/rcoder-storage/src/userapp_lifecycle/control.rs:21:12
   |
21 | pub struct OpenedUserAppStore {
   |            ^^^^^^^^^^^^^^^^^^
   |
   = note: `#[warn(dead_code)]` (part of `#[warn(unused)]`) on by default

warning: associated function `closed_for_test` is never used
  --> src/../../../crates/rcoder-storage/src/db/owner.rs:41:19
   |
37 | impl DatabaseOwner {
   | ------------------ associated function in this implementation
...
41 |     pub(crate) fn closed_for_test() -> Self {
   |                   ^^^^^^^^^^^^^^^

warning: `rcoder-toasty-t0` (bin "rcoder-toasty-t0" test) generated 5 warnings (3 duplicates)
    Finished `dev` profile [unoptimized + debuginfo] target(s) in 1m 26s
