   Compiling rcoder-toasty-t0 v0.1.0 (/Users/soddy/Documents/git-workspace/rcoder/tools/toasty-probe)
warning: struct `OpenedUserAppStore` is never constructed
  --> src/../../../crates/rcoder-storage/src/userapp_lifecycle/control.rs:21:12
   |
21 | pub struct OpenedUserAppStore {
   |            ^^^^^^^^^^^^^^^^^^
   |
   = note: `#[warn(dead_code)]` (part of `#[warn(unused)]`) on by default

warning: associated function `closed_for_test` is never used
  --> src/../../../crates/rcoder-storage/src/db/owner.rs:41:19
   |
37 | impl DatabaseOwner {
   | ------------------ associated function in this implementation
...
41 |     pub(crate) fn closed_for_test() -> Self {
   |                   ^^^^^^^^^^^^^^^

warning: `rcoder-toasty-t0` (bin "rcoder-toasty-t0" test) generated 2 warnings
    Finished `test` profile [unoptimized + debuginfo] target(s) in 6.82s
────────────
 Nextest run ID 04d7f048-ea8b-4880-a8ff-5bc1b6668c54 with nextest profile: default
    Starting 5 tests across 1 binary (56 tests skipped)
        PASS [   0.198s] (1/5) rcoder-toasty-t0::bin/rcoder-toasty-t0 userapp_lifecycle::tests::turso_paginated_recovery_and_identity
        PASS [   0.223s] (2/5) rcoder-toasty-t0::bin/rcoder-toasty-t0 userapp_lifecycle::common::activity_tests::pg_activity_is_monotonic_and_lifecycle_bound
        PASS [   0.253s] (3/5) rcoder-toasty-t0::bin/rcoder-toasty-t0 userapp_lifecycle::common::configuration_tests::unknown_pg_write_cannot_be_finalized_or_rebound_and_business_failure_keeps_applied_version
        PASS [   2.421s] (4/5) rcoder-toasty-t0::bin/rcoder-toasty-t0 userapp_lifecycle::tests::postgres_real_transactions_and_restart_contract
        PASS [   2.831s] (5/5) rcoder-toasty-t0::bin/rcoder-toasty-t0 userapp_lifecycle::common::concurrency_tests::independent_pg_owners_enforce_scope_cas_and_bound_lock_waits
────────────
     Summary [   2.832s] 5 tests run: 5 passed, 56 skipped
