warning: type `DatabaseOwner` is more private than the item `PersistWriter::spawn`
  --> crates/rcoder-storage/src/pg/project_store/writer.rs:50:5
   |
50 | /     pub fn spawn(
51 | |         pool: DatabaseOwner,
52 | |         rx: mpsc::UnboundedReceiver<PersistOp>,
53 | |         pending: Arc<AtomicI64>,
54 | |     ) -> Self {
   | |_____________^ associated function `PersistWriter::spawn` is reachable at visibility `pub`
   |
note: but type `DatabaseOwner` is only usable at visibility `pub(crate)`
  --> crates/rcoder-storage/src/db/owner.rs:19:1
   |
19 | pub(crate) struct DatabaseOwner {
   | ^^^^^^^^^^^^^^^^^^^^^^^^^^^^^^^
   = note: `#[warn(private_interfaces)]` on by default

warning: method `restore_session_with_identity` is never used
  --> crates/rcoder-storage/src/adapter/session_ops.rs:17:19
   |
14 | impl ProjectAdapter {
   | ------------------- method in this implementation
...
17 |     pub(crate) fn restore_session_with_identity(
   |                   ^^^^^^^^^^^^^^^^^^^^^^^^^^^^^
   |
   = note: `#[warn(dead_code)]` (part of `#[warn(unused)]`) on by default

warning: fields `service_type` and `last_activity` are never read
  --> crates/rcoder-storage/src/pg/project_store/repo/rows.rs:12:9
   |
 6 | pub(in crate::pg) struct ContainerRow {
   |                          ------------ fields in this struct
...
12 |     pub service_type: String,
   |         ^^^^^^^^^^^^
...
18 |     pub last_activity: chrono::DateTime<chrono::Utc>,
   |         ^^^^^^^^^^^^^

warning: non-binding let on a type that has a destructor
  --> crates/rcoder-storage/src/db/owner.rs:90:33
   |
90 | ...                   let _ = ready.send(Err(message.clone()));
   |                       ^^^^^^^^^^^^^^^^^^^^^^^^^^^^^^^^^^^^^^^^^
   |
   = note: requested on the command line with `-W let-underscore-drop`
help: consider binding to an unused variable to avoid immediately dropping the value
   |
90 |                                 let _unused = ready.send(Err(message.clone()));
   |                                      ++++++
help: consider immediately dropping the value
   |
90 -                                 let _ = ready.send(Err(message.clone()));
90 +                                 drop(ready.send(Err(message.clone())));
   |

warning: non-binding let on a type that has a destructor
   --> crates/rcoder-storage/src/db/owner.rs:132:13
    |
132 |             let _ = wait_for_completion(completion).await;
    |             ^^^^^^^^^^^^^^^^^^^^^^^^^^^^^^^^^^^^^^^^^^^^^^
    |
help: consider binding to an unused variable to avoid immediately dropping the value
    |
132 |             let _unused = wait_for_completion(completion).await;
    |                  ++++++
help: consider immediately dropping the value
    |
132 -             let _ = wait_for_completion(completion).await;
132 +             drop(wait_for_completion(completion).await);
    |

warning: non-binding let on a type that has a destructor
   --> crates/rcoder-storage/src/db/owner.rs:168:17
    |
168 |                 let _ = reply.send(outcome.unwrap_or_else(|_| Err(OutcomeUnknown.into())));
    |                 ^^^^^^^^^^^^^^^^^^^^^^^^^^^^^^^^^^^^^^^^^^^^^^^^^^^^^^^^^^^^^^^^^^^^^^^^^^^
    |
help: consider binding to an unused variable to avoid immediately dropping the value
    |
168 |                 let _unused = reply.send(outcome.unwrap_or_else(|_| Err(OutcomeUnknown.into())));
    |                      ++++++
help: consider immediately dropping the value
    |
168 -                 let _ = reply.send(outcome.unwrap_or_else(|_| Err(OutcomeUnknown.into())));
168 +                 drop(reply.send(outcome.unwrap_or_else(|_| Err(OutcomeUnknown.into()))));
    |

warning: non-binding let on a type that has a destructor
   --> crates/rcoder-storage/src/pg/project_store/leader.rs:147:60
    |
147 |             _ = cancel.cancelled() => { stop_job.cancel(); let _ = job.as_mut().await; }
    |                                                            ^^^^^^^^^^^^^^^^^^^^^^^^^^^
    |
help: consider binding to an unused variable to avoid immediately dropping the value
    |
147 |             _ = cancel.cancelled() => { stop_job.cancel(); let _unused = job.as_mut().await; }
    |                                                                 ++++++
help: consider immediately dropping the value
    |
147 -             _ = cancel.cancelled() => { stop_job.cancel(); let _ = job.as_mut().await; }
147 +             _ = cancel.cancelled() => { stop_job.cancel(); drop(job.as_mut().await); }
    |

warning: non-binding let on a type that has a destructor
   --> crates/rcoder-storage/src/pg/project_store/leader.rs:148:77
    |
148 |             _ = shutdown_rx.recv() => { cancel.cancel(); stop_job.cancel(); let _ = job.as_mut().await; }
    |                                                                             ^^^^^^^^^^^^^^^^^^^^^^^^^^^
    |
help: consider binding to an unused variable to avoid immediately dropping the value
    |
148 |             _ = shutdown_rx.recv() => { cancel.cancel(); stop_job.cancel(); let _unused = job.as_mut().await; }
    |                                                                                  ++++++
help: consider immediately dropping the value
    |
148 -             _ = shutdown_rx.recv() => { cancel.cancel(); stop_job.cancel(); let _ = job.as_mut().await; }
148 +             _ = shutdown_rx.recv() => { cancel.cancel(); stop_job.cancel(); drop(job.as_mut().await); }
    |

warning: non-binding let on a type that has a destructor
   --> crates/rcoder-storage/src/userapp_lifecycle/common/ops.rs:598:9
    |
598 | /         let _: BuilderCreationEvidence =
599 | |             serde_json::from_value(op.checkpoint.clone()).map_err(storage)?;
    | |____________________________________________________________________________^
    |
help: consider binding to an unused variable to avoid immediately dropping the value
    |
598 |         let _unused: BuilderCreationEvidence =
    |              ++++++
help: consider immediately dropping the value
    |
598 -         let _: BuilderCreationEvidence =
599 -             serde_json::from_value(op.checkpoint.clone()).map_err(storage)?;
598 +         drop(serde_json::from_value(op.checkpoint.clone()).map_err(storage)?);
    |

warning: `rcoder-storage` (lib) generated 9 warnings (run `cargo fix --lib -p rcoder-storage` to apply 6 suggestions)
   Compiling file-server v0.1.1 (/Users/soddy/Documents/git-workspace/rcoder/crates/file-server)
    Checking app_manager v0.1.0 (/Users/soddy/Documents/git-workspace/rcoder/crates/app_manager)
   Compiling rcoder v0.1.3 (/Users/soddy/Documents/git-workspace/rcoder/crates/rcoder)
warning: non-binding let on a type that has a destructor
   --> crates/rcoder-storage/src/db/tests.rs:130:5
    |
130 |     let _ = request.await;
    |     ^^^^^^^^^^^^^^^^^^^^^^
    |
help: consider binding to an unused variable to avoid immediately dropping the value
    |
130 |     let _unused = request.await;
    |          ++++++
help: consider immediately dropping the value
    |
130 -     let _ = request.await;
130 +     drop(request.await);
    |

warning: `rcoder-storage` (lib test) generated 10 warnings (9 duplicates) (run `cargo fix --lib -p rcoder-storage --tests` to apply 1 suggestion)
    Checking rcoder-e2e v0.1.0 (/Users/soddy/Documents/git-workspace/rcoder/tests-e2e)
error[E0433]: cannot find `turso` in `userapp_lifecycle`
  --> tests-e2e/src/bin/userapp-db-observer.rs:21:44
   |
21 |         rcoder_storage::userapp_lifecycle::turso::offline_snapshot(&path).await?;
   |                                            ^^^^^ could not find `turso` in `userapp_lifecycle`

For more information about this error, try `rustc --explain E0433`.
error: could not compile `rcoder-e2e` (bin "userapp-db-observer") due to 1 previous error
warning: build failed, waiting for other jobs to finish...
error: could not compile `rcoder-e2e` (bin "userapp-db-observer" test) due to 1 previous error
